apiVersion: v1
kind: Namespace
metadata:
  annotations:
    openshift.io/node-selector: infra
  labels:
    name: syn-cert-manager
    openshift.io/cluster-monitoring: 'true'
  name: syn-cert-manager
