apiVersion: rbac.authorization.k8s.io/v1
kind: ClusterRole
metadata:
  labels:
    app: cainjector
    app.kubernetes.io/component: cainjector
    app.kubernetes.io/instance: cert-manager
    app.kubernetes.io/managed-by: Helm
    app.kubernetes.io/name: cainjector
    helm.sh/chart: cert-manager-v1.4.0
  name: cert-manager-cainjector
  namespace: syn-cert-manager
rules:
- apiGroups:
  - cert-manager.io
  resources:
  - certificates
  verbs:
  - get
  - list
  - watch
- apiGroups:
  - ''
  resources:
  - secrets
  verbs:
  - get
  - list
  - watch
- apiGroups:
  - ''
  resources:
  - events
  verbs:
  - get
  - create
  - update
  - patch
- apiGroups:
  - admissionregistration.k8s.io
  resources:
  - validatingwebhookconfigurations
  - mutatingwebhookconfigurations
  verbs:
  - get
  - list
  - watch
  - update
- apiGroups:
  - apiregistration.k8s.io
  resources:
  - apiservices
  verbs:
  - get
  - list
  - watch
  - update
- apiGroups:
  - apiextensions.k8s.io
  resources:
  - customresourcedefinitions
  verbs:
  - get
  - list
  - watch
  - update
- apiGroups:
  - auditregistration.k8s.io
  resources:
  - auditsinks
  verbs:
  - get
  - list
  - watch
  - update
---
apiVersion: rbac.authorization.k8s.io/v1
kind: ClusterRoleBinding
metadata:
  labels:
    app: cainjector
    app.kubernetes.io/component: cainjector
    app.kubernetes.io/instance: cert-manager
    app.kubernetes.io/managed-by: Helm
    app.kubernetes.io/name: cainjector
    helm.sh/chart: cert-manager-v1.4.0
  name: cert-manager-cainjector
  namespace: syn-cert-manager
roleRef:
  apiGroup: rbac.authorization.k8s.io
  kind: ClusterRole
  name: cert-manager-cainjector
subjects:
- kind: ServiceAccount
  name: cert-manager-cainjector
  namespace: syn-cert-manager
---
apiVersion: rbac.authorization.k8s.io/v1
kind: Role
metadata:
  labels:
    app: cainjector
    app.kubernetes.io/component: cainjector
    app.kubernetes.io/instance: cert-manager
    app.kubernetes.io/managed-by: Helm
    app.kubernetes.io/name: cainjector
    helm.sh/chart: cert-manager-v1.4.0
  name: cert-manager-cainjector:leaderelection
  namespace: syn-cert-manager
rules:
- apiGroups:
  - ''
  resourceNames:
  - cert-manager-cainjector-leader-election
  - cert-manager-cainjector-leader-election-core
  resources:
  - configmaps
  verbs:
  - get
  - update
  - patch
- apiGroups:
  - ''
  resources:
  - configmaps
  verbs:
  - create
- apiGroups:
  - coordination.k8s.io
  resourceNames:
  - cert-manager-cainjector-leader-election
  - cert-manager-cainjector-leader-election-core
  resources:
  - leases
  verbs:
  - get
  - update
  - patch
- apiGroups:
  - coordination.k8s.io
  resources:
  - leases
  verbs:
  - create
---
apiVersion: rbac.authorization.k8s.io/v1
kind: RoleBinding
metadata:
  labels:
    app: cainjector
    app.kubernetes.io/component: cainjector
    app.kubernetes.io/instance: cert-manager
    app.kubernetes.io/managed-by: Helm
    app.kubernetes.io/name: cainjector
    helm.sh/chart: cert-manager-v1.4.0
  name: cert-manager-cainjector:leaderelection
  namespace: syn-cert-manager
roleRef:
  apiGroup: rbac.authorization.k8s.io
  kind: Role
  name: cert-manager-cainjector:leaderelection
subjects:
- kind: ServiceAccount
  name: cert-manager-cainjector
  namespace: syn-cert-manager
