apiVersion: v1
automountServiceAccountToken: true
kind: ServiceAccount
metadata:
  labels:
    app: cainjector
    app.kubernetes.io/component: cainjector
    app.kubernetes.io/instance: cert-manager
    app.kubernetes.io/managed-by: Helm
    app.kubernetes.io/name: cainjector
    app.kubernetes.io/version: v1.13.5
    helm.sh/chart: cert-manager-v1.13.5
  name: cert-manager-cainjector
  namespace: syn-cert-manager
