apiVersion: apps/v1
kind: Deployment
metadata:
  labels:
    app: cainjector
    app.kubernetes.io/component: cainjector
    app.kubernetes.io/instance: cert-manager
    app.kubernetes.io/managed-by: Helm
    app.kubernetes.io/name: cainjector
    app.kubernetes.io/version: v1.13.6
    helm.sh/chart: cert-manager-v1.13.6
  name: cert-manager-cainjector
  namespace: syn-cert-manager
spec:
  replicas: 1
  selector:
    matchLabels:
      app.kubernetes.io/component: cainjector
      app.kubernetes.io/instance: cert-manager
      app.kubernetes.io/name: cainjector
  template:
    metadata:
      labels:
        app: cainjector
        app.kubernetes.io/component: cainjector
        app.kubernetes.io/instance: cert-manager
        app.kubernetes.io/managed-by: Helm
        app.kubernetes.io/name: cainjector
        app.kubernetes.io/version: v1.13.6
        helm.sh/chart: cert-manager-v1.13.6
    spec:
      containers:
        - args:
            - --v=2
            - --leader-election-namespace=syn-cert-manager
          env:
            - name: POD_NAMESPACE
              valueFrom:
                fieldRef:
                  fieldPath: metadata.namespace
          image: quay.io/jetstack/cert-manager-cainjector:v1.13.6
          imagePullPolicy: IfNotPresent
          name: cert-manager-cainjector
          resources:
            requests:
              cpu: 50m
              memory: 512Mi
          securityContext:
            allowPrivilegeEscalation: false
            capabilities:
              drop:
                - ALL
      enableServiceLinks: false
      nodeSelector:
        kubernetes.io/os: linux
      priorityClassName: system-cluster-critical
      securityContext:
        runAsNonRoot: true
        seccompProfile:
          type: RuntimeDefault
      serviceAccountName: cert-manager-cainjector
