apiVersion: apps/v1
kind: Deployment
metadata:
  labels:
    app: cert-manager
    app.kubernetes.io/component: controller
    app.kubernetes.io/instance: cert-manager
    app.kubernetes.io/managed-by: Helm
    app.kubernetes.io/name: cert-manager
    app.kubernetes.io/version: v1.5.4
    helm.sh/chart: cert-manager-v1.5.4
  name: cert-manager
  namespace: syn-cert-manager
spec:
  replicas: 1
  selector:
    matchLabels:
      app.kubernetes.io/component: controller
      app.kubernetes.io/instance: cert-manager
      app.kubernetes.io/name: cert-manager
  template:
    metadata:
      labels:
        app: cert-manager
        app.kubernetes.io/component: controller
        app.kubernetes.io/instance: cert-manager
        app.kubernetes.io/managed-by: Helm
        app.kubernetes.io/name: cert-manager
        app.kubernetes.io/version: v1.5.4
        helm.sh/chart: cert-manager-v1.5.4
    spec:
      containers:
      - args:
        - --v=2
        - --cluster-resource-namespace=$(POD_NAMESPACE)
        - --leader-election-namespace=syn-cert-manager
        - --dns01-recursive-nameservers="1.1.1.1:53"
        env:
        - name: POD_NAMESPACE
          valueFrom:
            fieldRef:
              fieldPath: metadata.namespace
        - name: HTTP_PROXY
          value: ''
        - name: HTTPS_PROXY
          value: ''
        - name: NO_PROXY
          value: ''
        image: quay.io/jetstack/cert-manager-controller:v1.5.4
        imagePullPolicy: IfNotPresent
        name: cert-manager
        ports:
        - containerPort: 9402
          protocol: TCP
        resources: {}
      securityContext:
        runAsNonRoot: true
      serviceAccountName: cert-manager
