apiVersion: v1
automountServiceAccountToken: true
kind: ServiceAccount
metadata:
  labels:
    app: cert-manager
    app.kubernetes.io/component: controller
    app.kubernetes.io/instance: cert-manager
    app.kubernetes.io/managed-by: Tiller
    app.kubernetes.io/name: cert-manager
    helm.sh/chart: cert-manager-v1.4.0
  name: cert-manager
  namespace: syn-cert-manager
