apiVersion: v1
automountServiceAccountToken: true
kind: ServiceAccount
metadata:
  labels:
    app: webhook
    app.kubernetes.io/component: webhook
    app.kubernetes.io/instance: cert-manager
    app.kubernetes.io/managed-by: Tiller
    app.kubernetes.io/name: webhook
    helm.sh/chart: cert-manager-v1.4.0
  name: cert-manager-webhook
  namespace: syn-cert-manager
