apiVersion: rbac.authorization.k8s.io/v1
kind: ClusterRole
metadata:
  labels:
    app: webhook
    app.kubernetes.io/component: webhook
    app.kubernetes.io/instance: cert-manager
    app.kubernetes.io/managed-by: Helm
    app.kubernetes.io/name: webhook
    app.kubernetes.io/version: v1.8.0
    helm.sh/chart: cert-manager-v1.8.0
  name: cert-manager-webhook:subjectaccessreviews
  namespace: syn-cert-manager
rules:
- apiGroups:
  - authorization.k8s.io
  resources:
  - subjectaccessreviews
  verbs:
  - create
---
apiVersion: rbac.authorization.k8s.io/v1
kind: ClusterRoleBinding
metadata:
  labels:
    app: webhook
    app.kubernetes.io/component: webhook
    app.kubernetes.io/instance: cert-manager
    app.kubernetes.io/managed-by: Helm
    app.kubernetes.io/name: webhook
    app.kubernetes.io/version: v1.8.0
    helm.sh/chart: cert-manager-v1.8.0
  name: cert-manager-webhook:subjectaccessreviews
  namespace: syn-cert-manager
roleRef:
  apiGroup: rbac.authorization.k8s.io
  kind: ClusterRole
  name: cert-manager-webhook:subjectaccessreviews
subjects:
- apiGroup: ''
  kind: ServiceAccount
  name: cert-manager-webhook
  namespace: syn-cert-manager
---
apiVersion: rbac.authorization.k8s.io/v1
kind: Role
metadata:
  labels:
    app: webhook
    app.kubernetes.io/component: webhook
    app.kubernetes.io/instance: cert-manager
    app.kubernetes.io/managed-by: Helm
    app.kubernetes.io/name: webhook
    app.kubernetes.io/version: v1.8.0
    helm.sh/chart: cert-manager-v1.8.0
  name: cert-manager-webhook:dynamic-serving
  namespace: syn-cert-manager
rules:
- apiGroups:
  - ''
  resourceNames:
  - cert-manager-webhook-ca
  resources:
  - secrets
  verbs:
  - get
  - list
  - watch
  - update
- apiGroups:
  - ''
  resources:
  - secrets
  verbs:
  - create
---
apiVersion: rbac.authorization.k8s.io/v1
kind: RoleBinding
metadata:
  labels:
    app: webhook
    app.kubernetes.io/component: webhook
    app.kubernetes.io/instance: cert-manager
    app.kubernetes.io/managed-by: Helm
    app.kubernetes.io/name: webhook
    app.kubernetes.io/version: v1.8.0
    helm.sh/chart: cert-manager-v1.8.0
  name: cert-manager-webhook:dynamic-serving
  namespace: syn-cert-manager
roleRef:
  apiGroup: rbac.authorization.k8s.io
  kind: Role
  name: cert-manager-webhook:dynamic-serving
subjects:
- apiGroup: ''
  kind: ServiceAccount
  name: cert-manager-webhook
  namespace: syn-cert-manager
