apiVersion: v1
kind: ServiceAccount
metadata:
  labels:
    app: exoscale-webhook
    chart: exoscale-webhook-0.3.0
    heritage: Helm
    release: exoscale-webhook
  name: cert-manager-webhook-exoscale
  namespace: syn-cert-manager
---
apiVersion: rbac.authorization.k8s.io/v1
kind: ClusterRole
metadata:
  labels:
    app: exoscale-webhook
    chart: exoscale-webhook-0.3.0
    heritage: Helm
    release: exoscale-webhook
  name: cert-manager-webhook-exoscale:domain-solver
rules:
  - apiGroups:
      - acme.exoscale.com
    resources:
      - '*'
    verbs:
      - create
---
apiVersion: rbac.authorization.k8s.io/v1
kind: ClusterRoleBinding
metadata:
  labels:
    app: exoscale-webhook
    chart: exoscale-webhook-0.3.0
    heritage: Helm
    release: exoscale-webhook
  name: cert-manager-webhook-exoscale:auth-delegator
roleRef:
  apiGroup: rbac.authorization.k8s.io
  kind: ClusterRole
  name: system:auth-delegator
subjects:
  - apiGroup: ''
    kind: ServiceAccount
    name: cert-manager-webhook-exoscale
    namespace: syn-cert-manager
---
apiVersion: rbac.authorization.k8s.io/v1
kind: ClusterRoleBinding
metadata:
  labels:
    app: exoscale-webhook
    chart: exoscale-webhook-0.3.0
    heritage: Helm
    release: exoscale-webhook
  name: cert-manager-webhook-exoscale:domain-solver
roleRef:
  apiGroup: rbac.authorization.k8s.io
  kind: ClusterRole
  name: cert-manager-webhook-exoscale:domain-solver
subjects:
  - apiGroup: ''
    kind: ServiceAccount
    name: cert-manager
    namespace: syn-cert-manager
---
apiVersion: rbac.authorization.k8s.io/v1
kind: Role
metadata:
  labels:
    app: exoscale-webhook
    chart: exoscale-webhook-0.3.0
    heritage: Helm
    release: exoscale-webhook
  name: cert-manager-webhook-exoscale:secrets-reader
  namespace: syn-cert-manager
rules:
  - apiGroups:
      - ''
    resources:
      - secrets
    verbs:
      - get
---
apiVersion: rbac.authorization.k8s.io/v1
kind: RoleBinding
metadata:
  labels:
    app: exoscale-webhook
    chart: exoscale-webhook-0.3.0
    heritage: Helm
    release: exoscale-webhook
  name: cert-manager-webhook-exoscale:webhook-authentication-reader
  namespace: kube-system
roleRef:
  apiGroup: rbac.authorization.k8s.io
  kind: Role
  name: extension-apiserver-authentication-reader
subjects:
  - apiGroup: ''
    kind: ServiceAccount
    name: cert-manager-webhook-exoscale
    namespace: syn-cert-manager
---
apiVersion: rbac.authorization.k8s.io/v1
kind: RoleBinding
metadata:
  labels:
    app: exoscale-webhook
    chart: exoscale-webhook-0.3.0
    heritage: Helm
    release: exoscale-webhook
  name: cert-manager-webhook-exoscale:secrets-reader
  namespace: syn-cert-manager
roleRef:
  apiGroup: rbac.authorization.k8s.io
  kind: Role
  name: cert-manager-webhook-exoscale:secrets-reader
subjects:
  - apiGroup: ''
    kind: ServiceAccount
    name: cert-manager-webhook-exoscale
    namespace: syn-cert-manager
