apiVersion: v1
kind: Service
metadata:
  labels:
    app: exoscale-webhook
    chart: exoscale-webhook-0.3.0
    heritage: Helm
    release: exoscale-webhook
  name: cert-manager-webhook-exoscale
  namespace: syn-cert-manager
spec:
  ports:
    - name: https
      port: 443
      protocol: TCP
      targetPort: https
  selector:
    app: exoscale-webhook
    release: exoscale-webhook
  type: ClusterIP
