spec:
  ignoreDifferences:
    - jsonPointers:
        - /data
      kind: Secret
      name: acme-dns-client
      namespace: syn-cert-manager
