apiVersion: cert-manager.io/v1
kind: ClusterIssuer
metadata:
  labels:
    name: letsencrypt-production
  name: letsencrypt-production
spec:
  acme:
    email: legacy@syn.tools
    privateKeySecretRef:
      name: letsencrypt-production
    server: https://acme-v02.api.letsencrypt.org/directory
    solvers:
      - http01:
          ingress:
            class: nginx
      - dns01:
          acmeDNS:
            accountSecretRef:
              key: acmedns.json
              name: acme-dns-client
            host: acme-dns-api.example.com
        selector:
          dnsNames:
            - example.com
            - '*.apps.example.com'
---
apiVersion: cert-manager.io/v1
kind: ClusterIssuer
metadata:
  labels:
    name: letsencrypt-staging
  name: letsencrypt-staging
spec:
  acme:
    email: legacy@syn.tools
    privateKeySecretRef:
      name: letsencrypt-staging
    server: https://acme-staging-v02.api.letsencrypt.org/directory
    solvers:
      - http01:
          ingress:
            class: nginx
