apiVersion: v1
kind: Secret
metadata:
  labels:
    name: issuer-key
  name: issuer-key
  namespace: syn-cert-manager
stringData: t-silent-test-1234/c-green-test-1234/custom-issuer/key
type: Opaque
