apiVersion: v1
kind: Secret
metadata:
  name: exoscale-secret
  namespace: syn-cert-manager
stringData:
  EXOSCALE_API_KEY: t-silent-test-1234/c-green-test-1234/exoscale/cert_webhook/s3_access_key
  EXOSCALE_API_SECRET: t-silent-test-1234/c-green-test-1234/exoscale/cert_webhook/s3_secret_key
type: Opaque
